[pybatsim - 2026-06-08 08:19:14,213 - batsim.batsim - INFO] Message Received from Batsim: {'now': 0.0, 'events': [{'timestamp': 0.0, 'type': 'SIMULATION_BEGINS', 'data': {'nb_resources': 16, 'nb_compute_resources': 16, 'nb_storage_resources': 0, 'allow_compute_sharing': False, 'allow_storage_sharing': True, 'config': {'redis-enabled': False, 'redis-hostname': '127.0.0.1', 'redis-port': 6379, 'redis-prefix': 'default', 'profiles-forwarded-on-submission': False, 'dynamic-jobs-enabled': False, 'dynamic-jobs-acknowledged': False, 'profile-reuse-enabled': False, 'sched-config': '', 'forward-unknown-events': False}, 'compute_resources': [{'id': 0, 'name': 'host0', 'state': 'idle', 'properties': {'role': ''}, 'zone_properties': {}}, {'id': 1, 'name': 'host1', 'state': 'idle', 'properties': {'role': ''}, 'zone_properties': {}}, {'id': 2, 'name': 'host10', 'state': 'idle', 'properties': {'role': ''}, 'zone_properties': {}}, {'id': 3, 'name': 'host11', 'state': 'idle', 'properties': {'role': ''}, 'zone_properties': {}}, {'id': 4, 'name': 'host12', 'state': 'idle', 'properties': {'role': ''}, 'zone_properties': {}}, {'id': 5, 'name': 'host13', 'state': 'idle', 'properties': {'role': ''}, 'zone_properties': {}}, {'id': 6, 'name': 'host14', 'state': 'idle', 'properties': {'role': ''}, 'zone_properties': {}}, {'id': 7, 'name': 'host15', 'state': 'idle', 'properties': {'role': ''}, 'zone_properties': {}}, {'id': 8, 'name': 'host2', 'state': 'idle', 'properties': {'role': ''}, 'zone_properties': {}}, {'id': 9, 'name': 'host3', 'state': 'idle', 'properties': {'role': ''}, 'zone_properties': {}}, {'id': 10, 'name': 'host4', 'state': 'idle', 'properties': {'role': ''}, 'zone_properties': {}}, {'id': 11, 'name': 'host5', 'state': 'idle', 'properties': {'role': ''}, 'zone_properties': {}}, {'id': 12, 'name': 'host6', 'state': 'idle', 'properties': {'role': ''}, 'zone_properties': {}}, {'id': 13, 'name': 'host7', 'state': 'idle', 'properties': {'role': ''}, 'zone_properties': {}}, {'id': 14, 'name': 'host8', 'state': 'idle', 'properties': {'role': ''}, 'zone_properties': {}}, {'id': 15, 'name': 'host9', 'state': 'idle', 'properties': {'role': ''}, 'zone_properties': {}}], 'storage_resources': [], 'workloads': {'w0': '/data/workload.json'}, 'profiles': {'w0': {'p120': {'type': 'delay', 'delay': 120}, 'p100': {'type': 'delay', 'delay': 100}, 'p75': {'type': 'delay', 'delay': 75}, 'p90': {'type': 'delay', 'delay': 90}, 'p60': {'type': 'delay', 'delay': 60}, 'p45': {'type': 'delay', 'delay': 45}, 'p40': {'type': 'delay', 'delay': 40}, 'p30': {'type': 'delay', 'delay': 30}, 'p55': {'type': 'delay', 'delay': 55}, 'p20': {'type': 'delay', 'delay': 20}}}}}]}
[pybatsim - 2026-06-08 08:19:14,213 - batsim.batsim - INFO] Message Sent to Batsim: {'now': 0.0, 'events': []}
[pybatsim - 2026-06-08 08:19:14,215 - batsim.batsim - INFO] Message Received from Batsim: {'now': 0.0, 'events': [{'timestamp': 0.0, 'type': 'JOB_SUBMITTED', 'data': {'job_id': 'w0!0', 'job': {'id': 'w0!0', 'subtime': 0, 'walltime': 60, 'res': 4, 'profile': 'p60'}}}]}
[pybatsim - 2026-06-08 08:19:14,215 - batsim.batsim - INFO] Message Sent to Batsim: {'now': 0.0, 'events': [{'timestamp': 0.0, 'type': 'EXECUTE_JOB', 'data': {'job_id': 'w0!0', 'alloc': '0-3'}}]}
[pybatsim - 2026-06-08 08:19:14,215 - batsim.batsim - INFO] Message Received from Batsim: {'now': 5.0, 'events': [{'timestamp': 5.0, 'type': 'JOB_SUBMITTED', 'data': {'job_id': 'w0!1', 'job': {'id': 'w0!1', 'subtime': 5, 'walltime': 120, 'res': 12, 'profile': 'p120'}}}]}
[pybatsim - 2026-06-08 08:19:14,216 - batsim.batsim - INFO] Message Sent to Batsim: {'now': 5.0, 'events': [{'timestamp': 5.0, 'type': 'EXECUTE_JOB', 'data': {'job_id': 'w0!1', 'alloc': '4-15'}}]}
[pybatsim - 2026-06-08 08:19:14,216 - batsim.batsim - INFO] Message Received from Batsim: {'now': 10.0, 'events': [{'timestamp': 10.0, 'type': 'JOB_SUBMITTED', 'data': {'job_id': 'w0!2', 'job': {'id': 'w0!2', 'subtime': 10, 'walltime': 30, 'res': 2, 'profile': 'p30'}}}]}
[pybatsim - 2026-06-08 08:19:14,216 - batsim.batsim - INFO] Message Sent to Batsim: {'now': 10.0, 'events': []}
[pybatsim - 2026-06-08 08:19:14,217 - batsim.batsim - INFO] Message Received from Batsim: {'now': 15.0, 'events': [{'timestamp': 15.0, 'type': 'JOB_SUBMITTED', 'data': {'job_id': 'w0!3', 'job': {'id': 'w0!3', 'subtime': 15, 'walltime': 45, 'res': 3, 'profile': 'p45'}}}]}
[pybatsim - 2026-06-08 08:19:14,217 - batsim.batsim - INFO] Message Sent to Batsim: {'now': 15.0, 'events': []}
[pybatsim - 2026-06-08 08:19:14,217 - batsim.batsim - INFO] Message Received from Batsim: {'now': 20.0, 'events': [{'timestamp': 20.0, 'type': 'JOB_SUBMITTED', 'data': {'job_id': 'w0!4', 'job': {'id': 'w0!4', 'subtime': 20, 'walltime': 90, 'res': 8, 'profile': 'p90'}}}]}
[pybatsim - 2026-06-08 08:19:14,217 - batsim.batsim - INFO] Message Sent to Batsim: {'now': 20.0, 'events': []}
[pybatsim - 2026-06-08 08:19:14,217 - batsim.batsim - INFO] Message Received from Batsim: {'now': 25.0, 'events': [{'timestamp': 25.0, 'type': 'JOB_SUBMITTED', 'data': {'job_id': 'w0!5', 'job': {'id': 'w0!5', 'subtime': 25, 'walltime': 20, 'res': 1, 'profile': 'p20'}}}]}
[pybatsim - 2026-06-08 08:19:14,217 - batsim.batsim - INFO] Message Sent to Batsim: {'now': 25.0, 'events': []}
[pybatsim - 2026-06-08 08:19:14,218 - batsim.batsim - INFO] Message Received from Batsim: {'now': 30.0, 'events': [{'timestamp': 30.0, 'type': 'JOB_SUBMITTED', 'data': {'job_id': 'w0!6', 'job': {'id': 'w0!6', 'subtime': 30, 'walltime': 75, 'res': 6, 'profile': 'p75'}}}]}
[pybatsim - 2026-06-08 08:19:14,218 - batsim.batsim - INFO] Message Sent to Batsim: {'now': 30.0, 'events': []}
[pybatsim - 2026-06-08 08:19:14,218 - batsim.batsim - INFO] Message Received from Batsim: {'now': 35.0, 'events': [{'timestamp': 35.0, 'type': 'JOB_SUBMITTED', 'data': {'job_id': 'w0!7', 'job': {'id': 'w0!7', 'subtime': 35, 'walltime': 100, 'res': 10, 'profile': 'p100'}}}]}
[pybatsim - 2026-06-08 08:19:14,218 - batsim.batsim - INFO] Message Sent to Batsim: {'now': 35.0, 'events': []}
[pybatsim - 2026-06-08 08:19:14,219 - batsim.batsim - INFO] Message Received from Batsim: {'now': 40.0, 'events': [{'timestamp': 40.0, 'type': 'JOB_SUBMITTED', 'data': {'job_id': 'w0!8', 'job': {'id': 'w0!8', 'subtime': 40, 'walltime': 40, 'res': 4, 'profile': 'p40'}}}]}
[pybatsim - 2026-06-08 08:19:14,219 - batsim.batsim - INFO] Message Sent to Batsim: {'now': 40.0, 'events': []}
[pybatsim - 2026-06-08 08:19:14,219 - batsim.batsim - INFO] Message Received from Batsim: {'now': 45.0, 'events': [{'timestamp': 45.0, 'type': 'JOB_SUBMITTED', 'data': {'job_id': 'w0!9', 'job': {'id': 'w0!9', 'subtime': 45, 'walltime': 55, 'res': 5, 'profile': 'p55'}}}]}
[pybatsim - 2026-06-08 08:19:14,219 - batsim.batsim - INFO] Message Sent to Batsim: {'now': 45.0, 'events': []}
[pybatsim - 2026-06-08 08:19:14,219 - batsim.batsim - INFO] Message Received from Batsim: {'now': 45.0, 'events': [{'timestamp': 45.0, 'type': 'NOTIFY', 'data': {'type': 'no_more_static_job_to_submit'}}]}
[pybatsim - 2026-06-08 08:19:14,219 - batsim.batsim - INFO] There is no more static jobs in the workload
[pybatsim - 2026-06-08 08:19:14,219 - batsim.batsim - INFO] Message Sent to Batsim: {'now': 45.0, 'events': []}
[pybatsim - 2026-06-08 08:19:14,220 - batsim.batsim - INFO] Message Received from Batsim: {'now': 60.00005, 'events': [{'timestamp': 60.00005, 'type': 'JOB_COMPLETED', 'data': {'job_id': 'w0!0', 'job_state': 'COMPLETED_WALLTIME_REACHED', 'return_code': -1, 'alloc': '0-3'}}]}
[pybatsim - 2026-06-08 08:19:14,220 - batsim.batsim - INFO] Message Sent to Batsim: {'now': 60.00005, 'events': [{'timestamp': 60.00005, 'type': 'EXECUTE_JOB', 'data': {'job_id': 'w0!2', 'alloc': '0-1'}}, {'timestamp': 60.00005, 'type': 'EXECUTE_JOB', 'data': {'job_id': 'w0!5', 'alloc': '2'}}]}
[pybatsim - 2026-06-08 08:19:14,220 - batsim.batsim - INFO] Message Received from Batsim: {'now': 80.0001, 'events': [{'timestamp': 80.0001, 'type': 'JOB_COMPLETED', 'data': {'job_id': 'w0!5', 'job_state': 'COMPLETED_WALLTIME_REACHED', 'return_code': -1, 'alloc': '2'}}]}
[pybatsim - 2026-06-08 08:19:14,220 - batsim.batsim - INFO] Message Sent to Batsim: {'now': 80.0001, 'events': []}
[pybatsim - 2026-06-08 08:19:14,221 - batsim.batsim - INFO] Message Received from Batsim: {'now': 90.0001, 'events': [{'timestamp': 90.0001, 'type': 'JOB_COMPLETED', 'data': {'job_id': 'w0!2', 'job_state': 'COMPLETED_WALLTIME_REACHED', 'return_code': -1, 'alloc': '0-1'}}]}
[pybatsim - 2026-06-08 08:19:14,221 - batsim.batsim - INFO] Message Sent to Batsim: {'now': 90.0001, 'events': [{'timestamp': 90.0001, 'type': 'EXECUTE_JOB', 'data': {'job_id': 'w0!3', 'alloc': '0-2'}}]}
[pybatsim - 2026-06-08 08:19:14,221 - batsim.batsim - INFO] Message Received from Batsim: {'now': 125.00005, 'events': [{'timestamp': 125.00005, 'type': 'JOB_COMPLETED', 'data': {'job_id': 'w0!1', 'job_state': 'COMPLETED_WALLTIME_REACHED', 'return_code': -1, 'alloc': '4-15'}}]}
[pybatsim - 2026-06-08 08:19:14,222 - batsim.batsim - INFO] Message Sent to Batsim: {'now': 125.00005, 'events': [{'timestamp': 125.00005, 'type': 'EXECUTE_JOB', 'data': {'job_id': 'w0!4', 'alloc': '3-10'}}]}
[pybatsim - 2026-06-08 08:19:14,222 - batsim.batsim - INFO] Message Received from Batsim: {'now': 135.00015, 'events': [{'timestamp': 135.00015, 'type': 'JOB_COMPLETED', 'data': {'job_id': 'w0!3', 'job_state': 'COMPLETED_WALLTIME_REACHED', 'return_code': -1, 'alloc': '0-2'}}]}
[pybatsim - 2026-06-08 08:19:14,222 - batsim.batsim - INFO] Message Sent to Batsim: {'now': 135.00015, 'events': [{'timestamp': 135.00015, 'type': 'EXECUTE_JOB', 'data': {'job_id': 'w0!6', 'alloc': '0-2 11-13'}}]}
[pybatsim - 2026-06-08 08:19:14,223 - batsim.batsim - INFO] Message Received from Batsim: {'now': 210.0002, 'events': [{'timestamp': 210.0002, 'type': 'JOB_COMPLETED', 'data': {'job_id': 'w0!6', 'job_state': 'COMPLETED_WALLTIME_REACHED', 'return_code': -1, 'alloc': '0-2 11-13'}}]}
[pybatsim - 2026-06-08 08:19:14,223 - batsim.batsim - INFO] Message Sent to Batsim: {'now': 210.0002, 'events': []}
[pybatsim - 2026-06-08 08:19:14,223 - batsim.batsim - INFO] Message Received from Batsim: {'now': 215.0001, 'events': [{'timestamp': 215.0001, 'type': 'JOB_COMPLETED', 'data': {'job_id': 'w0!4', 'job_state': 'COMPLETED_WALLTIME_REACHED', 'return_code': -1, 'alloc': '3-10'}}]}
[pybatsim - 2026-06-08 08:19:14,224 - batsim.batsim - INFO] Message Sent to Batsim: {'now': 215.0001, 'events': [{'timestamp': 215.0001, 'type': 'EXECUTE_JOB', 'data': {'job_id': 'w0!7', 'alloc': '0-9'}}, {'timestamp': 215.0001, 'type': 'EXECUTE_JOB', 'data': {'job_id': 'w0!8', 'alloc': '10-13'}}]}
[pybatsim - 2026-06-08 08:19:14,224 - batsim.batsim - INFO] Message Received from Batsim: {'now': 255.00015, 'events': [{'timestamp': 255.00015, 'type': 'JOB_COMPLETED', 'data': {'job_id': 'w0!8', 'job_state': 'COMPLETED_WALLTIME_REACHED', 'return_code': -1, 'alloc': '10-13'}}]}
[pybatsim - 2026-06-08 08:19:14,224 - batsim.batsim - INFO] Message Sent to Batsim: {'now': 255.00015, 'events': [{'timestamp': 255.00015, 'type': 'EXECUTE_JOB', 'data': {'job_id': 'w0!9', 'alloc': '10-14'}}]}
[pybatsim - 2026-06-08 08:19:14,225 - batsim.batsim - INFO] Message Received from Batsim: {'now': 310.0002, 'events': [{'timestamp': 310.0002, 'type': 'JOB_COMPLETED', 'data': {'job_id': 'w0!9', 'job_state': 'COMPLETED_WALLTIME_REACHED', 'return_code': -1, 'alloc': '10-14'}}]}
[pybatsim - 2026-06-08 08:19:14,225 - batsim.batsim - INFO] Message Sent to Batsim: {'now': 310.0002, 'events': []}
[pybatsim - 2026-06-08 08:19:14,225 - batsim.batsim - INFO] Message Received from Batsim: {'now': 315.00015, 'events': [{'timestamp': 315.00015, 'type': 'JOB_COMPLETED', 'data': {'job_id': 'w0!7', 'job_state': 'COMPLETED_WALLTIME_REACHED', 'return_code': -1, 'alloc': '0-9'}}]}
[pybatsim - 2026-06-08 08:19:14,225 - batsim.batsim - INFO] Message Sent to Batsim: {'now': 315.00015, 'events': []}
[pybatsim - 2026-06-08 08:19:14,225 - batsim.batsim - INFO] Message Received from Batsim: {'now': 315.00015, 'events': [{'timestamp': 315.00015, 'type': 'SIMULATION_ENDS', 'data': {}}]}
[pybatsim - 2026-06-08 08:19:14,225 - batsim.batsim - INFO] All jobs have been submitted and completed!
[pybatsim - 2026-06-08 08:19:14,226 - batsim.batsim - INFO] Message Sent to Batsim: {'now': 315.00015, 'events': []}
