[pybatsim - 2026-06-05 16:34:57,645 - batsim.batsim - INFO] Message Received from Batsim: {'now': 0.0, 'events': [{'timestamp': 0.0, 'type': 'SIMULATION_BEGINS', 'data': {'nb_resources': 16, 'nb_compute_resources': 16, 'nb_storage_resources': 0, 'allow_compute_sharing': False, 'allow_storage_sharing': True, 'config': {'redis-enabled': False, 'redis-hostname': '127.0.0.1', 'redis-port': 6379, 'redis-prefix': 'default', 'profiles-forwarded-on-submission': False, 'dynamic-jobs-enabled': False, 'dynamic-jobs-acknowledged': False, 'profile-reuse-enabled': False, 'sched-config': '', 'forward-unknown-events': False}, 'compute_resources': [{'id': 0, 'name': 'node-0', 'state': 'idle', 'properties': {'role': ''}, 'zone_properties': {}}, {'id': 1, 'name': 'node-1', 'state': 'idle', 'properties': {'role': ''}, 'zone_properties': {}}, {'id': 2, 'name': 'node-10', 'state': 'idle', 'properties': {'role': ''}, 'zone_properties': {}}, {'id': 3, 'name': 'node-11', 'state': 'idle', 'properties': {'role': ''}, 'zone_properties': {}}, {'id': 4, 'name': 'node-12', 'state': 'idle', 'properties': {'role': ''}, 'zone_properties': {}}, {'id': 5, 'name': 'node-13', 'state': 'idle', 'properties': {'role': ''}, 'zone_properties': {}}, {'id': 6, 'name': 'node-14', 'state': 'idle', 'properties': {'role': ''}, 'zone_properties': {}}, {'id': 7, 'name': 'node-15', 'state': 'idle', 'properties': {'role': ''}, 'zone_properties': {}}, {'id': 8, 'name': 'node-2', 'state': 'idle', 'properties': {'role': ''}, 'zone_properties': {}}, {'id': 9, 'name': 'node-3', 'state': 'idle', 'properties': {'role': ''}, 'zone_properties': {}}, {'id': 10, 'name': 'node-4', 'state': 'idle', 'properties': {'role': ''}, 'zone_properties': {}}, {'id': 11, 'name': 'node-5', 'state': 'idle', 'properties': {'role': ''}, 'zone_properties': {}}, {'id': 12, 'name': 'node-6', 'state': 'idle', 'properties': {'role': ''}, 'zone_properties': {}}, {'id': 13, 'name': 'node-7', 'state': 'idle', 'properties': {'role': ''}, 'zone_properties': {}}, {'id': 14, 'name': 'node-8', 'state': 'idle', 'properties': {'role': ''}, 'zone_properties': {}}, {'id': 15, 'name': 'node-9', 'state': 'idle', 'properties': {'role': ''}, 'zone_properties': {}}], 'storage_resources': [], 'workloads': {'w0': '/data/workload.json'}, 'profiles': {'w0': {'delay_6': {'type': 'delay', 'delay': 6.0}, 'delay_37': {'type': 'delay', 'delay': 37.0}, 'delay_9': {'type': 'delay', 'delay': 9.0}, 'delay_80': {'type': 'delay', 'delay': 80.0}, 'delay_26': {'type': 'delay', 'delay': 26.0}, 'delay_11': {'type': 'delay', 'delay': 11.0}, 'delay_42': {'type': 'delay', 'delay': 42.0}, 'delay_16': {'type': 'delay', 'delay': 16.0}, 'delay_60': {'type': 'delay', 'delay': 60.0}, 'ph_60': {'type': 'parallel_homogeneous', 'cpu': 60000000000.0, 'com': 0}, 'delay_5': {'type': 'delay', 'delay': 5.0}, 'delay_24': {'type': 'delay', 'delay': 24.0}, 'ph_49': {'type': 'parallel_homogeneous', 'cpu': 49000000000.0, 'com': 0}, 'delay_8': {'type': 'delay', 'delay': 8.0}, 'delay_54': {'type': 'delay', 'delay': 54.0}, 'delay_13': {'type': 'delay', 'delay': 13.0}, 'delay_10': {'type': 'delay', 'delay': 10.0}, 'delay_12': {'type': 'delay', 'delay': 12.0}, 'delay_74': {'type': 'delay', 'delay': 74.0}, 'delay_7': {'type': 'delay', 'delay': 7.0}, 'delay_104': {'type': 'delay', 'delay': 104.0}, 'ph_37': {'type': 'parallel_homogeneous', 'cpu': 37000000000.0, 'com': 0}, 'delay_30': {'type': 'delay', 'delay': 30.0}, 'delay_15': {'type': 'delay', 'delay': 15.0}, 'ph_35': {'type': 'parallel_homogeneous', 'cpu': 35000000000.0, 'com': 0}}}}}]}
[pybatsim - 2026-06-05 16:34:57,645 - batsim.batsim - INFO] Message Sent to Batsim: {'now': 0.0, 'events': []}
[pybatsim - 2026-06-05 16:34:57,646 - batsim.batsim - INFO] Message Received from Batsim: {'now': 2.96, 'events': [{'timestamp': 2.96, 'type': 'JOB_SUBMITTED', 'data': {'job_id': 'w0!0', 'job': {'id': 'w0!0', 'subtime': 2.96, 'res': 2, 'walltime': 18.0, 'profile': 'delay_12'}}}]}
[pybatsim - 2026-06-05 16:34:57,647 - batsim.batsim - INFO] Message Sent to Batsim: {'now': 2.96, 'events': [{'timestamp': 2.96, 'type': 'EXECUTE_JOB', 'data': {'job_id': 'w0!0', 'alloc': '0-1'}}]}
[pybatsim - 2026-06-05 16:34:57,647 - batsim.batsim - INFO] Message Received from Batsim: {'now': 7.67, 'events': [{'timestamp': 7.67, 'type': 'JOB_SUBMITTED', 'data': {'job_id': 'w0!1', 'job': {'id': 'w0!1', 'subtime': 7.67, 'res': 2, 'walltime': 24.0, 'profile': 'delay_16'}}}]}
[pybatsim - 2026-06-05 16:34:57,647 - batsim.batsim - INFO] Message Sent to Batsim: {'now': 7.67, 'events': [{'timestamp': 7.67, 'type': 'EXECUTE_JOB', 'data': {'job_id': 'w0!1', 'alloc': '2-3'}}]}
[pybatsim - 2026-06-05 16:34:57,648 - batsim.batsim - INFO] Message Received from Batsim: {'now': 9.32, 'events': [{'timestamp': 9.32, 'type': 'JOB_SUBMITTED', 'data': {'job_id': 'w0!2', 'job': {'id': 'w0!2', 'subtime': 9.32, 'res': 1, 'walltime': 11.0, 'profile': 'delay_7'}}}]}
[pybatsim - 2026-06-05 16:34:57,648 - batsim.batsim - INFO] Message Sent to Batsim: {'now': 9.32, 'events': [{'timestamp': 9.32, 'type': 'EXECUTE_JOB', 'data': {'job_id': 'w0!2', 'alloc': '4'}}]}
[pybatsim - 2026-06-05 16:34:57,648 - batsim.batsim - INFO] Message Received from Batsim: {'now': 9.52, 'events': [{'timestamp': 9.52, 'type': 'JOB_SUBMITTED', 'data': {'job_id': 'w0!3', 'job': {'id': 'w0!3', 'subtime': 9.52, 'res': 5, 'walltime': 90.0, 'profile': 'delay_60'}}}]}
[pybatsim - 2026-06-05 16:34:57,649 - batsim.batsim - INFO] Message Sent to Batsim: {'now': 9.52, 'events': [{'timestamp': 9.52, 'type': 'EXECUTE_JOB', 'data': {'job_id': 'w0!3', 'alloc': '5-9'}}]}
[pybatsim - 2026-06-05 16:34:57,649 - batsim.batsim - INFO] Message Received from Batsim: {'now': 10.96, 'events': [{'timestamp': 10.96, 'type': 'JOB_SUBMITTED', 'data': {'job_id': 'w0!4', 'job': {'id': 'w0!4', 'subtime': 10.96, 'res': 1, 'walltime': 8.0, 'profile': 'delay_5'}}}]}
[pybatsim - 2026-06-05 16:34:57,649 - batsim.batsim - INFO] Message Sent to Batsim: {'now': 10.96, 'events': [{'timestamp': 10.96, 'type': 'EXECUTE_JOB', 'data': {'job_id': 'w0!4', 'alloc': '10'}}]}
[pybatsim - 2026-06-05 16:34:57,650 - batsim.batsim - INFO] Message Received from Batsim: {'now': 14.96, 'events': [{'timestamp': 14.96, 'type': 'JOB_COMPLETED', 'data': {'job_id': 'w0!0', 'job_state': 'COMPLETED_SUCCESSFULLY', 'return_code': 0, 'alloc': '0-1'}}]}
[pybatsim - 2026-06-05 16:34:57,650 - batsim.batsim - INFO] Message Sent to Batsim: {'now': 14.96, 'events': []}
[pybatsim - 2026-06-05 16:34:57,650 - batsim.batsim - INFO] Message Received from Batsim: {'now': 15.96, 'events': [{'timestamp': 15.96, 'type': 'JOB_COMPLETED', 'data': {'job_id': 'w0!4', 'job_state': 'COMPLETED_SUCCESSFULLY', 'return_code': 0, 'alloc': '10'}}]}
[pybatsim - 2026-06-05 16:34:57,650 - batsim.batsim - INFO] Message Sent to Batsim: {'now': 15.96, 'events': []}
[pybatsim - 2026-06-05 16:34:57,651 - batsim.batsim - INFO] Message Received from Batsim: {'now': 16.32, 'events': [{'timestamp': 16.32, 'type': 'JOB_COMPLETED', 'data': {'job_id': 'w0!2', 'job_state': 'COMPLETED_SUCCESSFULLY', 'return_code': 0, 'alloc': '4'}}]}
[pybatsim - 2026-06-05 16:34:57,651 - batsim.batsim - INFO] Message Sent to Batsim: {'now': 16.32, 'events': []}
[pybatsim - 2026-06-05 16:34:57,651 - batsim.batsim - INFO] Message Received from Batsim: {'now': 23.67, 'events': [{'timestamp': 23.67, 'type': 'JOB_COMPLETED', 'data': {'job_id': 'w0!1', 'job_state': 'COMPLETED_SUCCESSFULLY', 'return_code': 0, 'alloc': '2-3'}}]}
[pybatsim - 2026-06-05 16:34:57,651 - batsim.batsim - INFO] Message Sent to Batsim: {'now': 23.67, 'events': []}
[pybatsim - 2026-06-05 16:34:57,652 - batsim.batsim - INFO] Message Received from Batsim: {'now': 27.61, 'events': [{'timestamp': 27.61, 'type': 'JOB_SUBMITTED', 'data': {'job_id': 'w0!5', 'job': {'id': 'w0!5', 'subtime': 27.61, 'res': 2, 'walltime': 11.0, 'profile': 'delay_7'}}}]}
[pybatsim - 2026-06-05 16:34:57,652 - batsim.batsim - INFO] Message Sent to Batsim: {'now': 27.61, 'events': [{'timestamp': 27.61, 'type': 'EXECUTE_JOB', 'data': {'job_id': 'w0!5', 'alloc': '0-1'}}]}
[pybatsim - 2026-06-05 16:34:57,652 - batsim.batsim - INFO] Message Received from Batsim: {'now': 29.87, 'events': [{'timestamp': 29.87, 'type': 'JOB_SUBMITTED', 'data': {'job_id': 'w0!6', 'job': {'id': 'w0!6', 'subtime': 29.87, 'res': 4, 'walltime': 81.0, 'profile': 'delay_54'}}}]}
[pybatsim - 2026-06-05 16:34:57,653 - batsim.batsim - INFO] Message Sent to Batsim: {'now': 29.87, 'events': [{'timestamp': 29.87, 'type': 'EXECUTE_JOB', 'data': {'job_id': 'w0!6', 'alloc': '2-4 10'}}]}
[pybatsim - 2026-06-05 16:34:57,653 - batsim.batsim - INFO] Message Received from Batsim: {'now': 34.61, 'events': [{'timestamp': 34.61, 'type': 'JOB_COMPLETED', 'data': {'job_id': 'w0!5', 'job_state': 'COMPLETED_SUCCESSFULLY', 'return_code': 0, 'alloc': '0-1'}}]}
[pybatsim - 2026-06-05 16:34:57,653 - batsim.batsim - INFO] Message Sent to Batsim: {'now': 34.61, 'events': []}
[pybatsim - 2026-06-05 16:34:57,653 - batsim.batsim - INFO] Message Received from Batsim: {'now': 40.5, 'events': [{'timestamp': 40.5, 'type': 'JOB_SUBMITTED', 'data': {'job_id': 'w0!7', 'job': {'id': 'w0!7', 'subtime': 40.5, 'res': 5, 'walltime': 56.0, 'profile': 'ph_37'}}}]}
[pybatsim - 2026-06-05 16:34:57,654 - batsim.batsim - INFO] Message Sent to Batsim: {'now': 40.5, 'events': [{'timestamp': 40.5, 'type': 'EXECUTE_JOB', 'data': {'job_id': 'w0!7', 'alloc': '0-1 11-13'}}]}
[pybatsim - 2026-06-05 16:34:57,654 - batsim.batsim - INFO] Message Received from Batsim: {'now': 46.42, 'events': [{'timestamp': 46.42, 'type': 'JOB_SUBMITTED', 'data': {'job_id': 'w0!8', 'job': {'id': 'w0!8', 'subtime': 46.42, 'res': 1, 'walltime': 11.0, 'profile': 'delay_7'}}}]}
[pybatsim - 2026-06-05 16:34:57,655 - batsim.batsim - INFO] Message Sent to Batsim: {'now': 46.42, 'events': [{'timestamp': 46.42, 'type': 'EXECUTE_JOB', 'data': {'job_id': 'w0!8', 'alloc': '14'}}]}
[pybatsim - 2026-06-05 16:34:57,655 - batsim.batsim - INFO] Message Received from Batsim: {'now': 46.45, 'events': [{'timestamp': 46.45, 'type': 'JOB_SUBMITTED', 'data': {'job_id': 'w0!9', 'job': {'id': 'w0!9', 'subtime': 46.45, 'res': 1, 'walltime': 11.0, 'profile': 'delay_7'}}}]}
[pybatsim - 2026-06-05 16:34:57,655 - batsim.batsim - INFO] Message Sent to Batsim: {'now': 46.45, 'events': [{'timestamp': 46.45, 'type': 'EXECUTE_JOB', 'data': {'job_id': 'w0!9', 'alloc': '15'}}]}
[pybatsim - 2026-06-05 16:34:57,655 - batsim.batsim - INFO] Message Received from Batsim: {'now': 50.28, 'events': [{'timestamp': 50.28, 'type': 'JOB_SUBMITTED', 'data': {'job_id': 'w0!10', 'job': {'id': 'w0!10', 'subtime': 50.28, 'res': 12, 'walltime': 156.0, 'profile': 'delay_104'}}}]}
[pybatsim - 2026-06-05 16:34:57,656 - batsim.batsim - INFO] Message Sent to Batsim: {'now': 50.28, 'events': []}
[pybatsim - 2026-06-05 16:34:57,656 - batsim.batsim - INFO] Message Received from Batsim: {'now': 53.42, 'events': [{'timestamp': 53.42, 'type': 'JOB_COMPLETED', 'data': {'job_id': 'w0!8', 'job_state': 'COMPLETED_SUCCESSFULLY', 'return_code': 0, 'alloc': '14'}}]}
[pybatsim - 2026-06-05 16:34:57,656 - batsim.batsim - INFO] Message Sent to Batsim: {'now': 53.42, 'events': []}
[pybatsim - 2026-06-05 16:34:57,656 - batsim.batsim - INFO] Message Received from Batsim: {'now': 53.45, 'events': [{'timestamp': 53.45, 'type': 'JOB_COMPLETED', 'data': {'job_id': 'w0!9', 'job_state': 'COMPLETED_SUCCESSFULLY', 'return_code': 0, 'alloc': '15'}}]}
[pybatsim - 2026-06-05 16:34:57,657 - batsim.batsim - INFO] Message Sent to Batsim: {'now': 53.45, 'events': []}
[pybatsim - 2026-06-05 16:34:57,657 - batsim.batsim - INFO] Message Received from Batsim: {'now': 53.71, 'events': [{'timestamp': 53.71, 'type': 'JOB_SUBMITTED', 'data': {'job_id': 'w0!11', 'job': {'id': 'w0!11', 'subtime': 53.71, 'res': 12, 'walltime': 111.0, 'profile': 'delay_74'}}}]}
[pybatsim - 2026-06-05 16:34:57,657 - batsim.batsim - INFO] Message Sent to Batsim: {'now': 53.71, 'events': []}
[pybatsim - 2026-06-05 16:34:57,657 - batsim.batsim - INFO] Message Received from Batsim: {'now': 56.02, 'events': [{'timestamp': 56.02, 'type': 'JOB_SUBMITTED', 'data': {'job_id': 'w0!12', 'job': {'id': 'w0!12', 'subtime': 56.02, 'res': 5, 'walltime': 45.0, 'profile': 'delay_30'}}}]}
[pybatsim - 2026-06-05 16:34:57,657 - batsim.batsim - INFO] Message Sent to Batsim: {'now': 56.02, 'events': []}
[pybatsim - 2026-06-05 16:34:57,658 - batsim.batsim - INFO] Message Received from Batsim: {'now': 56.96, 'events': [{'timestamp': 56.96, 'type': 'JOB_SUBMITTED', 'data': {'job_id': 'w0!13', 'job': {'id': 'w0!13', 'subtime': 56.96, 'res': 1, 'walltime': 23.0, 'profile': 'delay_15'}}}]}
[pybatsim - 2026-06-05 16:34:57,658 - batsim.batsim - INFO] Message Sent to Batsim: {'now': 56.96, 'events': []}
[pybatsim - 2026-06-05 16:34:57,658 - batsim.batsim - INFO] Message Received from Batsim: {'now': 60.03, 'events': [{'timestamp': 60.03, 'type': 'JOB_SUBMITTED', 'data': {'job_id': 'w0!14', 'job': {'id': 'w0!14', 'subtime': 60.03, 'res': 6, 'walltime': 53.0, 'profile': 'ph_35'}}}]}
[pybatsim - 2026-06-05 16:34:57,658 - batsim.batsim - INFO] Message Sent to Batsim: {'now': 60.03, 'events': []}
[pybatsim - 2026-06-05 16:34:57,659 - batsim.batsim - INFO] Message Received from Batsim: {'now': 60.38, 'events': [{'timestamp': 60.38, 'type': 'JOB_SUBMITTED', 'data': {'job_id': 'w0!15', 'job': {'id': 'w0!15', 'subtime': 60.38, 'res': 2, 'walltime': 20.0, 'profile': 'delay_13'}}}]}
[pybatsim - 2026-06-05 16:34:57,659 - batsim.batsim - INFO] Message Sent to Batsim: {'now': 60.38, 'events': []}
[pybatsim - 2026-06-05 16:34:57,659 - batsim.batsim - INFO] Message Received from Batsim: {'now': 62.1, 'events': [{'timestamp': 62.1, 'type': 'JOB_SUBMITTED', 'data': {'job_id': 'w0!16', 'job': {'id': 'w0!16', 'subtime': 62.1, 'res': 2, 'walltime': 23.0, 'profile': 'delay_15'}}}]}
[pybatsim - 2026-06-05 16:34:57,659 - batsim.batsim - INFO] Message Sent to Batsim: {'now': 62.1, 'events': []}
[pybatsim - 2026-06-05 16:34:57,660 - batsim.batsim - INFO] Message Received from Batsim: {'now': 63.91, 'events': [{'timestamp': 63.91, 'type': 'JOB_SUBMITTED', 'data': {'job_id': 'w0!17', 'job': {'id': 'w0!17', 'subtime': 63.91, 'res': 5, 'walltime': 63.0, 'profile': 'delay_42'}}}]}
[pybatsim - 2026-06-05 16:34:57,660 - batsim.batsim - INFO] Message Sent to Batsim: {'now': 63.91, 'events': []}
[pybatsim - 2026-06-05 16:34:57,660 - batsim.batsim - INFO] Message Received from Batsim: {'now': 69.52, 'events': [{'timestamp': 69.52, 'type': 'JOB_COMPLETED', 'data': {'job_id': 'w0!3', 'job_state': 'COMPLETED_SUCCESSFULLY', 'return_code': 0, 'alloc': '5-9'}}]}
[pybatsim - 2026-06-05 16:34:57,661 - batsim.batsim - INFO] Message Sent to Batsim: {'now': 69.52, 'events': []}
[pybatsim - 2026-06-05 16:34:57,661 - batsim.batsim - INFO] Message Received from Batsim: {'now': 73.13, 'events': [{'timestamp': 73.13, 'type': 'JOB_SUBMITTED', 'data': {'job_id': 'w0!18', 'job': {'id': 'w0!18', 'subtime': 73.13, 'res': 1, 'walltime': 17.0, 'profile': 'delay_11'}}}]}
[pybatsim - 2026-06-05 16:34:57,661 - batsim.batsim - INFO] Message Sent to Batsim: {'now': 73.13, 'events': []}
[pybatsim - 2026-06-05 16:34:57,662 - batsim.batsim - INFO] Message Received from Batsim: {'now': 77.5, 'events': [{'timestamp': 77.5, 'type': 'JOB_COMPLETED', 'data': {'job_id': 'w0!7', 'job_state': 'COMPLETED_SUCCESSFULLY', 'return_code': 0, 'alloc': '0-1 11-13'}}]}
[pybatsim - 2026-06-05 16:34:57,662 - batsim.batsim - INFO] Message Sent to Batsim: {'now': 77.5, 'events': [{'timestamp': 77.5, 'type': 'EXECUTE_JOB', 'data': {'job_id': 'w0!10', 'alloc': '0-1 5-9 11-15'}}]}
[pybatsim - 2026-06-05 16:34:57,663 - batsim.batsim - INFO] Message Received from Batsim: {'now': 79.39, 'events': [{'timestamp': 79.39, 'type': 'JOB_SUBMITTED', 'data': {'job_id': 'w0!19', 'job': {'id': 'w0!19', 'subtime': 79.39, 'res': 2, 'walltime': 11.0, 'profile': 'delay_7'}}}]}
[pybatsim - 2026-06-05 16:34:57,663 - batsim.batsim - INFO] Message Sent to Batsim: {'now': 79.39, 'events': []}
[pybatsim - 2026-06-05 16:34:57,663 - batsim.batsim - INFO] Message Received from Batsim: {'now': 80.31, 'events': [{'timestamp': 80.31, 'type': 'JOB_SUBMITTED', 'data': {'job_id': 'w0!20', 'job': {'id': 'w0!20', 'subtime': 80.31, 'res': 2, 'walltime': 18.0, 'profile': 'delay_12'}}}]}
[pybatsim - 2026-06-05 16:34:57,663 - batsim.batsim - INFO] Message Sent to Batsim: {'now': 80.31, 'events': []}
[pybatsim - 2026-06-05 16:34:57,664 - batsim.batsim - INFO] Message Received from Batsim: {'now': 82.39, 'events': [{'timestamp': 82.39, 'type': 'JOB_SUBMITTED', 'data': {'job_id': 'w0!21', 'job': {'id': 'w0!21', 'subtime': 82.39, 'res': 6, 'walltime': 90.0, 'profile': 'ph_60'}}}]}
[pybatsim - 2026-06-05 16:34:57,664 - batsim.batsim - INFO] Message Sent to Batsim: {'now': 82.39, 'events': []}
[pybatsim - 2026-06-05 16:34:57,664 - batsim.batsim - INFO] Message Received from Batsim: {'now': 82.98, 'events': [{'timestamp': 82.98, 'type': 'JOB_SUBMITTED', 'data': {'job_id': 'w0!22', 'job': {'id': 'w0!22', 'subtime': 82.98, 'res': 1, 'walltime': 11.0, 'profile': 'delay_7'}}}]}
[pybatsim - 2026-06-05 16:34:57,664 - batsim.batsim - INFO] Message Sent to Batsim: {'now': 82.98, 'events': []}
[pybatsim - 2026-06-05 16:34:57,665 - batsim.batsim - INFO] Message Received from Batsim: {'now': 83.87, 'events': [{'timestamp': 83.87, 'type': 'JOB_COMPLETED', 'data': {'job_id': 'w0!6', 'job_state': 'COMPLETED_SUCCESSFULLY', 'return_code': 0, 'alloc': '2-4 10'}}]}
[pybatsim - 2026-06-05 16:34:57,665 - batsim.batsim - INFO] Message Sent to Batsim: {'now': 83.87, 'events': []}
[pybatsim - 2026-06-05 16:34:57,665 - batsim.batsim - INFO] Message Received from Batsim: {'now': 90.3, 'events': [{'timestamp': 90.3, 'type': 'JOB_SUBMITTED', 'data': {'job_id': 'w0!23', 'job': {'id': 'w0!23', 'subtime': 90.3, 'res': 4, 'walltime': 39.0, 'profile': 'delay_26'}}}]}
[pybatsim - 2026-06-05 16:34:57,665 - batsim.batsim - INFO] Message Sent to Batsim: {'now': 90.3, 'events': []}
[pybatsim - 2026-06-05 16:34:57,666 - batsim.batsim - INFO] Message Received from Batsim: {'now': 96.43, 'events': [{'timestamp': 96.43, 'type': 'JOB_SUBMITTED', 'data': {'job_id': 'w0!24', 'job': {'id': 'w0!24', 'subtime': 96.43, 'res': 12, 'walltime': 120.0, 'profile': 'delay_80'}}}]}
[pybatsim - 2026-06-05 16:34:57,666 - batsim.batsim - INFO] Message Sent to Batsim: {'now': 96.43, 'events': []}
[pybatsim - 2026-06-05 16:34:57,666 - batsim.batsim - INFO] Message Received from Batsim: {'now': 97.49, 'events': [{'timestamp': 97.49, 'type': 'JOB_SUBMITTED', 'data': {'job_id': 'w0!25', 'job': {'id': 'w0!25', 'subtime': 97.49, 'res': 10, 'walltime': 111.0, 'profile': 'delay_74'}}}]}
[pybatsim - 2026-06-05 16:34:57,666 - batsim.batsim - INFO] Message Sent to Batsim: {'now': 97.49, 'events': []}
[pybatsim - 2026-06-05 16:34:57,667 - batsim.batsim - INFO] Message Received from Batsim: {'now': 100.55, 'events': [{'timestamp': 100.55, 'type': 'JOB_SUBMITTED', 'data': {'job_id': 'w0!26', 'job': {'id': 'w0!26', 'subtime': 100.55, 'res': 2, 'walltime': 14.0, 'profile': 'delay_9'}}}]}
[pybatsim - 2026-06-05 16:34:57,667 - batsim.batsim - INFO] Message Sent to Batsim: {'now': 100.55, 'events': []}
[pybatsim - 2026-06-05 16:34:57,667 - batsim.batsim - INFO] Message Received from Batsim: {'now': 103.37, 'events': [{'timestamp': 103.37, 'type': 'JOB_SUBMITTED', 'data': {'job_id': 'w0!27', 'job': {'id': 'w0!27', 'subtime': 103.37, 'res': 2, 'walltime': 12.0, 'profile': 'delay_8'}}}]}
[pybatsim - 2026-06-05 16:34:57,667 - batsim.batsim - INFO] Message Sent to Batsim: {'now': 103.37, 'events': []}
[pybatsim - 2026-06-05 16:34:57,668 - batsim.batsim - INFO] Message Received from Batsim: {'now': 103.86, 'events': [{'timestamp': 103.86, 'type': 'JOB_SUBMITTED', 'data': {'job_id': 'w0!28', 'job': {'id': 'w0!28', 'subtime': 103.86, 'res': 4, 'walltime': 74.0, 'profile': 'ph_49'}}}]}
[pybatsim - 2026-06-05 16:34:57,668 - batsim.batsim - INFO] Message Sent to Batsim: {'now': 103.86, 'events': []}
[pybatsim - 2026-06-05 16:34:57,668 - batsim.batsim - INFO] Message Received from Batsim: {'now': 108.18, 'events': [{'timestamp': 108.18, 'type': 'JOB_SUBMITTED', 'data': {'job_id': 'w0!29', 'job': {'id': 'w0!29', 'subtime': 108.18, 'res': 6, 'walltime': 36.0, 'profile': 'delay_24'}}}]}
[pybatsim - 2026-06-05 16:34:57,668 - batsim.batsim - INFO] Message Sent to Batsim: {'now': 108.18, 'events': []}
[pybatsim - 2026-06-05 16:34:57,669 - batsim.batsim - INFO] Message Received from Batsim: {'now': 110.5, 'events': [{'timestamp': 110.5, 'type': 'JOB_SUBMITTED', 'data': {'job_id': 'w0!30', 'job': {'id': 'w0!30', 'subtime': 110.5, 'res': 1, 'walltime': 15.0, 'profile': 'delay_10'}}}]}
[pybatsim - 2026-06-05 16:34:57,669 - batsim.batsim - INFO] Message Sent to Batsim: {'now': 110.5, 'events': []}
[pybatsim - 2026-06-05 16:34:57,669 - batsim.batsim - INFO] Message Received from Batsim: {'now': 115.03, 'events': [{'timestamp': 115.03, 'type': 'JOB_SUBMITTED', 'data': {'job_id': 'w0!31', 'job': {'id': 'w0!31', 'subtime': 115.03, 'res': 1, 'walltime': 18.0, 'profile': 'delay_12'}}}]}
[pybatsim - 2026-06-05 16:34:57,669 - batsim.batsim - INFO] Message Sent to Batsim: {'now': 115.03, 'events': []}
[pybatsim - 2026-06-05 16:34:57,670 - batsim.batsim - INFO] Message Received from Batsim: {'now': 117.29, 'events': [{'timestamp': 117.29, 'type': 'JOB_SUBMITTED', 'data': {'job_id': 'w0!32', 'job': {'id': 'w0!32', 'subtime': 117.29, 'res': 2, 'walltime': 12.0, 'profile': 'delay_8'}}}, {'timestamp': 117.29, 'type': 'JOB_SUBMITTED', 'data': {'job_id': 'w0!33', 'job': {'id': 'w0!33', 'subtime': 117.29, 'res': 4, 'walltime': 56.0, 'profile': 'delay_37'}}}]}
[pybatsim - 2026-06-05 16:34:57,670 - batsim.batsim - INFO] Message Sent to Batsim: {'now': 117.29, 'events': []}
[pybatsim - 2026-06-05 16:34:57,670 - batsim.batsim - INFO] Message Received from Batsim: {'now': 118.47, 'events': [{'timestamp': 118.47, 'type': 'JOB_SUBMITTED', 'data': {'job_id': 'w0!34', 'job': {'id': 'w0!34', 'subtime': 118.47, 'res': 1, 'walltime': 18.0, 'profile': 'delay_12'}}}]}
[pybatsim - 2026-06-05 16:34:57,670 - batsim.batsim - INFO] Message Sent to Batsim: {'now': 118.47, 'events': []}
[pybatsim - 2026-06-05 16:34:57,671 - batsim.batsim - INFO] Message Received from Batsim: {'now': 118.53, 'events': [{'timestamp': 118.53, 'type': 'JOB_SUBMITTED', 'data': {'job_id': 'w0!35', 'job': {'id': 'w0!35', 'subtime': 118.53, 'res': 2, 'walltime': 9.0, 'profile': 'delay_6'}}}]}
[pybatsim - 2026-06-05 16:34:57,671 - batsim.batsim - INFO] Message Sent to Batsim: {'now': 118.53, 'events': []}
[pybatsim - 2026-06-05 16:34:57,671 - batsim.batsim - INFO] Message Received from Batsim: {'now': 126.47, 'events': [{'timestamp': 126.47, 'type': 'JOB_SUBMITTED', 'data': {'job_id': 'w0!36', 'job': {'id': 'w0!36', 'subtime': 126.47, 'res': 2, 'walltime': 9.0, 'profile': 'delay_6'}}}]}
[pybatsim - 2026-06-05 16:34:57,671 - batsim.batsim - INFO] Message Sent to Batsim: {'now': 126.47, 'events': []}
[pybatsim - 2026-06-05 16:34:57,672 - batsim.batsim - INFO] Message Received from Batsim: {'now': 132.8, 'events': [{'timestamp': 132.8, 'type': 'JOB_SUBMITTED', 'data': {'job_id': 'w0!37', 'job': {'id': 'w0!37', 'subtime': 132.8, 'res': 5, 'walltime': 56.0, 'profile': 'delay_37'}}}]}
[pybatsim - 2026-06-05 16:34:57,672 - batsim.batsim - INFO] Message Sent to Batsim: {'now': 132.8, 'events': []}
[pybatsim - 2026-06-05 16:34:57,672 - batsim.batsim - INFO] Message Received from Batsim: {'now': 138.14, 'events': [{'timestamp': 138.14, 'type': 'JOB_SUBMITTED', 'data': {'job_id': 'w0!38', 'job': {'id': 'w0!38', 'subtime': 138.14, 'res': 2, 'walltime': 24.0, 'profile': 'delay_16'}}}]}
[pybatsim - 2026-06-05 16:34:57,672 - batsim.batsim - INFO] Message Sent to Batsim: {'now': 138.14, 'events': []}
[pybatsim - 2026-06-05 16:34:57,673 - batsim.batsim - INFO] Message Received from Batsim: {'now': 139.24, 'events': [{'timestamp': 139.24, 'type': 'JOB_SUBMITTED', 'data': {'job_id': 'w0!39', 'job': {'id': 'w0!39', 'subtime': 139.24, 'res': 1, 'walltime': 14.0, 'profile': 'delay_9'}}}]}
[pybatsim - 2026-06-05 16:34:57,673 - batsim.batsim - INFO] Message Sent to Batsim: {'now': 139.24, 'events': []}
[pybatsim - 2026-06-05 16:34:57,673 - batsim.batsim - INFO] Message Received from Batsim: {'now': 139.24, 'events': [{'timestamp': 139.24, 'type': 'NOTIFY', 'data': {'type': 'no_more_static_job_to_submit'}}]}
[pybatsim - 2026-06-05 16:34:57,673 - batsim.batsim - INFO] There is no more static jobs in the workload
[pybatsim - 2026-06-05 16:34:57,673 - batsim.batsim - INFO] Message Sent to Batsim: {'now': 139.24, 'events': []}
[pybatsim - 2026-06-05 16:34:57,674 - batsim.batsim - INFO] Message Received from Batsim: {'now': 181.5, 'events': [{'timestamp': 181.5, 'type': 'JOB_COMPLETED', 'data': {'job_id': 'w0!10', 'job_state': 'COMPLETED_SUCCESSFULLY', 'return_code': 0, 'alloc': '0-1 5-9 11-15'}}]}
[pybatsim - 2026-06-05 16:34:57,674 - batsim.batsim - INFO] Message Sent to Batsim: {'now': 181.5, 'events': [{'timestamp': 181.5, 'type': 'EXECUTE_JOB', 'data': {'job_id': 'w0!11', 'alloc': '0-11'}}]}
[pybatsim - 2026-06-05 16:34:57,674 - batsim.batsim - INFO] Message Received from Batsim: {'now': 255.5, 'events': [{'timestamp': 255.5, 'type': 'JOB_COMPLETED', 'data': {'job_id': 'w0!11', 'job_state': 'COMPLETED_SUCCESSFULLY', 'return_code': 0, 'alloc': '0-11'}}]}
[pybatsim - 2026-06-05 16:34:57,675 - batsim.batsim - INFO] Message Sent to Batsim: {'now': 255.5, 'events': [{'timestamp': 255.5, 'type': 'EXECUTE_JOB', 'data': {'job_id': 'w0!12', 'alloc': '0-4'}}, {'timestamp': 255.5, 'type': 'EXECUTE_JOB', 'data': {'job_id': 'w0!13', 'alloc': '5'}}, {'timestamp': 255.5, 'type': 'EXECUTE_JOB', 'data': {'job_id': 'w0!14', 'alloc': '6-11'}}, {'timestamp': 255.5, 'type': 'EXECUTE_JOB', 'data': {'job_id': 'w0!15', 'alloc': '12-13'}}, {'timestamp': 255.5, 'type': 'EXECUTE_JOB', 'data': {'job_id': 'w0!16', 'alloc': '14-15'}}]}
[pybatsim - 2026-06-05 16:34:57,675 - batsim.batsim - INFO] Message Received from Batsim: {'now': 268.5, 'events': [{'timestamp': 268.5, 'type': 'JOB_COMPLETED', 'data': {'job_id': 'w0!15', 'job_state': 'COMPLETED_SUCCESSFULLY', 'return_code': 0, 'alloc': '12-13'}}]}
[pybatsim - 2026-06-05 16:34:57,675 - batsim.batsim - INFO] Message Sent to Batsim: {'now': 268.5, 'events': []}
[pybatsim - 2026-06-05 16:34:57,676 - batsim.batsim - INFO] Message Received from Batsim: {'now': 270.5, 'events': [{'timestamp': 270.5, 'type': 'JOB_COMPLETED', 'data': {'job_id': 'w0!13', 'job_state': 'COMPLETED_SUCCESSFULLY', 'return_code': 0, 'alloc': '5'}}, {'timestamp': 270.5, 'type': 'JOB_COMPLETED', 'data': {'job_id': 'w0!16', 'job_state': 'COMPLETED_SUCCESSFULLY', 'return_code': 0, 'alloc': '14-15'}}]}
[pybatsim - 2026-06-05 16:34:57,676 - batsim.batsim - INFO] Message Sent to Batsim: {'now': 270.5, 'events': [{'timestamp': 270.5, 'type': 'EXECUTE_JOB', 'data': {'job_id': 'w0!17', 'alloc': '5 12-15'}}]}
[pybatsim - 2026-06-05 16:34:57,676 - batsim.batsim - INFO] Message Received from Batsim: {'now': 285.5, 'events': [{'timestamp': 285.5, 'type': 'JOB_COMPLETED', 'data': {'job_id': 'w0!12', 'job_state': 'COMPLETED_SUCCESSFULLY', 'return_code': 0, 'alloc': '0-4'}}]}
[pybatsim - 2026-06-05 16:34:57,677 - batsim.batsim - INFO] Message Sent to Batsim: {'now': 285.5, 'events': [{'timestamp': 285.5, 'type': 'EXECUTE_JOB', 'data': {'job_id': 'w0!18', 'alloc': '0'}}, {'timestamp': 285.5, 'type': 'EXECUTE_JOB', 'data': {'job_id': 'w0!19', 'alloc': '1-2'}}, {'timestamp': 285.5, 'type': 'EXECUTE_JOB', 'data': {'job_id': 'w0!20', 'alloc': '3-4'}}]}
[pybatsim - 2026-06-05 16:34:57,677 - batsim.batsim - INFO] Message Received from Batsim: {'now': 290.5, 'events': [{'timestamp': 290.5, 'type': 'JOB_COMPLETED', 'data': {'job_id': 'w0!14', 'job_state': 'COMPLETED_SUCCESSFULLY', 'return_code': 0, 'alloc': '6-11'}}]}
[pybatsim - 2026-06-05 16:34:57,678 - batsim.batsim - INFO] Message Sent to Batsim: {'now': 290.5, 'events': [{'timestamp': 290.5, 'type': 'EXECUTE_JOB', 'data': {'job_id': 'w0!21', 'alloc': '6-11'}}]}
[pybatsim - 2026-06-05 16:34:57,678 - batsim.batsim - INFO] Message Received from Batsim: {'now': 292.5, 'events': [{'timestamp': 292.5, 'type': 'JOB_COMPLETED', 'data': {'job_id': 'w0!19', 'job_state': 'COMPLETED_SUCCESSFULLY', 'return_code': 0, 'alloc': '1-2'}}]}
[pybatsim - 2026-06-05 16:34:57,678 - batsim.batsim - INFO] Message Sent to Batsim: {'now': 292.5, 'events': [{'timestamp': 292.5, 'type': 'EXECUTE_JOB', 'data': {'job_id': 'w0!22', 'alloc': '1'}}]}
[pybatsim - 2026-06-05 16:34:57,679 - batsim.batsim - INFO] Message Received from Batsim: {'now': 296.5, 'events': [{'timestamp': 296.5, 'type': 'JOB_COMPLETED', 'data': {'job_id': 'w0!18', 'job_state': 'COMPLETED_SUCCESSFULLY', 'return_code': 0, 'alloc': '0'}}]}
[pybatsim - 2026-06-05 16:34:57,679 - batsim.batsim - INFO] Message Sent to Batsim: {'now': 296.5, 'events': []}
[pybatsim - 2026-06-05 16:34:57,679 - batsim.batsim - INFO] Message Received from Batsim: {'now': 297.5, 'events': [{'timestamp': 297.5, 'type': 'JOB_COMPLETED', 'data': {'job_id': 'w0!20', 'job_state': 'COMPLETED_SUCCESSFULLY', 'return_code': 0, 'alloc': '3-4'}}]}
[pybatsim - 2026-06-05 16:34:57,680 - batsim.batsim - INFO] Message Sent to Batsim: {'now': 297.5, 'events': [{'timestamp': 297.5, 'type': 'EXECUTE_JOB', 'data': {'job_id': 'w0!23', 'alloc': '0 2-4'}}]}
[pybatsim - 2026-06-05 16:34:57,680 - batsim.batsim - INFO] Message Received from Batsim: {'now': 299.5, 'events': [{'timestamp': 299.5, 'type': 'JOB_COMPLETED', 'data': {'job_id': 'w0!22', 'job_state': 'COMPLETED_SUCCESSFULLY', 'return_code': 0, 'alloc': '1'}}]}
[pybatsim - 2026-06-05 16:34:57,680 - batsim.batsim - INFO] Message Sent to Batsim: {'now': 299.5, 'events': []}
[pybatsim - 2026-06-05 16:34:57,680 - batsim.batsim - INFO] Message Received from Batsim: {'now': 312.5, 'events': [{'timestamp': 312.5, 'type': 'JOB_COMPLETED', 'data': {'job_id': 'w0!17', 'job_state': 'COMPLETED_SUCCESSFULLY', 'return_code': 0, 'alloc': '5 12-15'}}]}
[pybatsim - 2026-06-05 16:34:57,681 - batsim.batsim - INFO] Message Sent to Batsim: {'now': 312.5, 'events': []}
[pybatsim - 2026-06-05 16:34:57,681 - batsim.batsim - INFO] Message Received from Batsim: {'now': 323.5, 'events': [{'timestamp': 323.5, 'type': 'JOB_COMPLETED', 'data': {'job_id': 'w0!23', 'job_state': 'COMPLETED_SUCCESSFULLY', 'return_code': 0, 'alloc': '0 2-4'}}]}
[pybatsim - 2026-06-05 16:34:57,681 - batsim.batsim - INFO] Message Sent to Batsim: {'now': 323.5, 'events': []}
[pybatsim - 2026-06-05 16:34:57,681 - batsim.batsim - INFO] Message Received from Batsim: {'now': 350.5, 'events': [{'timestamp': 350.5, 'type': 'JOB_COMPLETED', 'data': {'job_id': 'w0!21', 'job_state': 'COMPLETED_SUCCESSFULLY', 'return_code': 0, 'alloc': '6-11'}}]}
[pybatsim - 2026-06-05 16:34:57,682 - batsim.batsim - INFO] Message Sent to Batsim: {'now': 350.5, 'events': [{'timestamp': 350.5, 'type': 'EXECUTE_JOB', 'data': {'job_id': 'w0!24', 'alloc': '0-11'}}]}
[pybatsim - 2026-06-05 16:34:57,682 - batsim.batsim - INFO] Message Received from Batsim: {'now': 430.5, 'events': [{'timestamp': 430.5, 'type': 'JOB_COMPLETED', 'data': {'job_id': 'w0!24', 'job_state': 'COMPLETED_SUCCESSFULLY', 'return_code': 0, 'alloc': '0-11'}}]}
[pybatsim - 2026-06-05 16:34:57,682 - batsim.batsim - INFO] Message Sent to Batsim: {'now': 430.5, 'events': [{'timestamp': 430.5, 'type': 'EXECUTE_JOB', 'data': {'job_id': 'w0!25', 'alloc': '0-9'}}, {'timestamp': 430.5, 'type': 'EXECUTE_JOB', 'data': {'job_id': 'w0!26', 'alloc': '10-11'}}, {'timestamp': 430.5, 'type': 'EXECUTE_JOB', 'data': {'job_id': 'w0!27', 'alloc': '12-13'}}]}
[pybatsim - 2026-06-05 16:34:57,683 - batsim.batsim - INFO] Message Received from Batsim: {'now': 438.5, 'events': [{'timestamp': 438.5, 'type': 'JOB_COMPLETED', 'data': {'job_id': 'w0!27', 'job_state': 'COMPLETED_SUCCESSFULLY', 'return_code': 0, 'alloc': '12-13'}}]}
[pybatsim - 2026-06-05 16:34:57,683 - batsim.batsim - INFO] Message Sent to Batsim: {'now': 438.5, 'events': [{'timestamp': 438.5, 'type': 'EXECUTE_JOB', 'data': {'job_id': 'w0!28', 'alloc': '12-15'}}]}
[pybatsim - 2026-06-05 16:34:57,683 - batsim.batsim - INFO] Message Received from Batsim: {'now': 439.5, 'events': [{'timestamp': 439.5, 'type': 'JOB_COMPLETED', 'data': {'job_id': 'w0!26', 'job_state': 'COMPLETED_SUCCESSFULLY', 'return_code': 0, 'alloc': '10-11'}}]}
[pybatsim - 2026-06-05 16:34:57,684 - batsim.batsim - INFO] Message Sent to Batsim: {'now': 439.5, 'events': []}
[pybatsim - 2026-06-05 16:34:57,684 - batsim.batsim - INFO] Message Received from Batsim: {'now': 487.5, 'events': [{'timestamp': 487.5, 'type': 'JOB_COMPLETED', 'data': {'job_id': 'w0!28', 'job_state': 'COMPLETED_SUCCESSFULLY', 'return_code': 0, 'alloc': '12-15'}}]}
[pybatsim - 2026-06-05 16:34:57,684 - batsim.batsim - INFO] Message Sent to Batsim: {'now': 487.5, 'events': [{'timestamp': 487.5, 'type': 'EXECUTE_JOB', 'data': {'job_id': 'w0!29', 'alloc': '10-15'}}]}
[pybatsim - 2026-06-05 16:34:57,685 - batsim.batsim - INFO] Message Received from Batsim: {'now': 504.5, 'events': [{'timestamp': 504.5, 'type': 'JOB_COMPLETED', 'data': {'job_id': 'w0!25', 'job_state': 'COMPLETED_SUCCESSFULLY', 'return_code': 0, 'alloc': '0-9'}}]}
[pybatsim - 2026-06-05 16:34:57,685 - batsim.batsim - INFO] Message Sent to Batsim: {'now': 504.5, 'events': [{'timestamp': 504.5, 'type': 'EXECUTE_JOB', 'data': {'job_id': 'w0!30', 'alloc': '0'}}, {'timestamp': 504.5, 'type': 'EXECUTE_JOB', 'data': {'job_id': 'w0!31', 'alloc': '1'}}, {'timestamp': 504.5, 'type': 'EXECUTE_JOB', 'data': {'job_id': 'w0!32', 'alloc': '2-3'}}, {'timestamp': 504.5, 'type': 'EXECUTE_JOB', 'data': {'job_id': 'w0!33', 'alloc': '4-7'}}, {'timestamp': 504.5, 'type': 'EXECUTE_JOB', 'data': {'job_id': 'w0!34', 'alloc': '8'}}]}
[pybatsim - 2026-06-05 16:34:57,686 - batsim.batsim - INFO] Message Received from Batsim: {'now': 511.5, 'events': [{'timestamp': 511.5, 'type': 'JOB_COMPLETED', 'data': {'job_id': 'w0!29', 'job_state': 'COMPLETED_SUCCESSFULLY', 'return_code': 0, 'alloc': '10-15'}}]}
[pybatsim - 2026-06-05 16:34:57,686 - batsim.batsim - INFO] Message Sent to Batsim: {'now': 511.5, 'events': [{'timestamp': 511.5, 'type': 'EXECUTE_JOB', 'data': {'job_id': 'w0!35', 'alloc': '9-10'}}, {'timestamp': 511.5, 'type': 'EXECUTE_JOB', 'data': {'job_id': 'w0!36', 'alloc': '11-12'}}]}
[pybatsim - 2026-06-05 16:34:57,686 - batsim.batsim - INFO] Message Received from Batsim: {'now': 512.5, 'events': [{'timestamp': 512.5, 'type': 'JOB_COMPLETED', 'data': {'job_id': 'w0!32', 'job_state': 'COMPLETED_SUCCESSFULLY', 'return_code': 0, 'alloc': '2-3'}}]}
[pybatsim - 2026-06-05 16:34:57,687 - batsim.batsim - INFO] Message Sent to Batsim: {'now': 512.5, 'events': [{'timestamp': 512.5, 'type': 'EXECUTE_JOB', 'data': {'job_id': 'w0!37', 'alloc': '2-3 13-15'}}]}
[pybatsim - 2026-06-05 16:34:57,687 - batsim.batsim - INFO] Message Received from Batsim: {'now': 514.5, 'events': [{'timestamp': 514.5, 'type': 'JOB_COMPLETED', 'data': {'job_id': 'w0!30', 'job_state': 'COMPLETED_SUCCESSFULLY', 'return_code': 0, 'alloc': '0'}}]}
[pybatsim - 2026-06-05 16:34:57,687 - batsim.batsim - INFO] Message Sent to Batsim: {'now': 514.5, 'events': []}
[pybatsim - 2026-06-05 16:34:57,688 - batsim.batsim - INFO] Message Received from Batsim: {'now': 516.5, 'events': [{'timestamp': 516.5, 'type': 'JOB_COMPLETED', 'data': {'job_id': 'w0!31', 'job_state': 'COMPLETED_SUCCESSFULLY', 'return_code': 0, 'alloc': '1'}}, {'timestamp': 516.5, 'type': 'JOB_COMPLETED', 'data': {'job_id': 'w0!34', 'job_state': 'COMPLETED_SUCCESSFULLY', 'return_code': 0, 'alloc': '8'}}]}
[pybatsim - 2026-06-05 16:34:57,688 - batsim.batsim - INFO] Message Sent to Batsim: {'now': 516.5, 'events': [{'timestamp': 516.5, 'type': 'EXECUTE_JOB', 'data': {'job_id': 'w0!38', 'alloc': '0-1'}}, {'timestamp': 516.5, 'type': 'EXECUTE_JOB', 'data': {'job_id': 'w0!39', 'alloc': '8'}}]}
[pybatsim - 2026-06-05 16:34:57,688 - batsim.batsim - INFO] Message Received from Batsim: {'now': 517.5, 'events': [{'timestamp': 517.5, 'type': 'JOB_COMPLETED', 'data': {'job_id': 'w0!35', 'job_state': 'COMPLETED_SUCCESSFULLY', 'return_code': 0, 'alloc': '9-10'}}, {'timestamp': 517.5, 'type': 'JOB_COMPLETED', 'data': {'job_id': 'w0!36', 'job_state': 'COMPLETED_SUCCESSFULLY', 'return_code': 0, 'alloc': '11-12'}}]}
[pybatsim - 2026-06-05 16:34:57,688 - batsim.batsim - INFO] Message Sent to Batsim: {'now': 517.5, 'events': []}
[pybatsim - 2026-06-05 16:34:57,689 - batsim.batsim - INFO] Message Received from Batsim: {'now': 525.5, 'events': [{'timestamp': 525.5, 'type': 'JOB_COMPLETED', 'data': {'job_id': 'w0!39', 'job_state': 'COMPLETED_SUCCESSFULLY', 'return_code': 0, 'alloc': '8'}}]}
[pybatsim - 2026-06-05 16:34:57,689 - batsim.batsim - INFO] Message Sent to Batsim: {'now': 525.5, 'events': []}
[pybatsim - 2026-06-05 16:34:57,689 - batsim.batsim - INFO] Message Received from Batsim: {'now': 532.5, 'events': [{'timestamp': 532.5, 'type': 'JOB_COMPLETED', 'data': {'job_id': 'w0!38', 'job_state': 'COMPLETED_SUCCESSFULLY', 'return_code': 0, 'alloc': '0-1'}}]}
[pybatsim - 2026-06-05 16:34:57,689 - batsim.batsim - INFO] Message Sent to Batsim: {'now': 532.5, 'events': []}
[pybatsim - 2026-06-05 16:34:57,690 - batsim.batsim - INFO] Message Received from Batsim: {'now': 541.5, 'events': [{'timestamp': 541.5, 'type': 'JOB_COMPLETED', 'data': {'job_id': 'w0!33', 'job_state': 'COMPLETED_SUCCESSFULLY', 'return_code': 0, 'alloc': '4-7'}}]}
[pybatsim - 2026-06-05 16:34:57,690 - batsim.batsim - INFO] Message Sent to Batsim: {'now': 541.5, 'events': []}
[pybatsim - 2026-06-05 16:34:57,690 - batsim.batsim - INFO] Message Received from Batsim: {'now': 549.5, 'events': [{'timestamp': 549.5, 'type': 'JOB_COMPLETED', 'data': {'job_id': 'w0!37', 'job_state': 'COMPLETED_SUCCESSFULLY', 'return_code': 0, 'alloc': '2-3 13-15'}}]}
[pybatsim - 2026-06-05 16:34:57,690 - batsim.batsim - INFO] Message Sent to Batsim: {'now': 549.5, 'events': []}
[pybatsim - 2026-06-05 16:34:57,691 - batsim.batsim - INFO] Message Received from Batsim: {'now': 549.5, 'events': [{'timestamp': 549.5, 'type': 'SIMULATION_ENDS', 'data': {}}]}
[pybatsim - 2026-06-05 16:34:57,691 - batsim.batsim - INFO] All jobs have been submitted and completed!
[pybatsim - 2026-06-05 16:34:57,691 - batsim.batsim - INFO] Message Sent to Batsim: {'now': 549.5, 'events': []}
